conda environment activated
/home2/codepk37

Running config: emb_dim=256, depth=4, heads=4, mlp_dim=1024
Epoch 1: Accuracy=0.4595
Epoch 2: Accuracy=0.5261
Epoch 3: Accuracy=0.5405
Epoch 4: Accuracy=0.5587
Epoch 5: Accuracy=0.5929
Epoch 6: Accuracy=0.5986
Epoch 7: Accuracy=0.6160
Epoch 8: Accuracy=0.6047
Epoch 9: Accuracy=0.6110
Epoch 10: Accuracy=0.6165
Epoch 11: Accuracy=0.6039
Epoch 12: Accuracy=0.6142
Epoch 13: Accuracy=0.6073
Epoch 14: Accuracy=0.6131
Epoch 15: Accuracy=0.6110
Epoch 16: Accuracy=0.6011
Epoch 17: Accuracy=0.6059
Epoch 18: Accuracy=0.6170
Epoch 19: Accuracy=0.6082
Epoch 20: Accuracy=0.6072
Epoch 21: Accuracy=0.6075
Epoch 22: Accuracy=0.6157
Epoch 23: Accuracy=0.6021
Epoch 24: Accuracy=0.6081
Epoch 25: Accuracy=0.5929
Epoch 26: Accuracy=0.6130
Epoch 27: Accuracy=0.6013
Epoch 28: Accuracy=0.6064
Epoch 29: Accuracy=0.6051
Epoch 30: Accuracy=0.6089
Epoch 31: Accuracy=0.6150
Epoch 32: Accuracy=0.6123
Epoch 33: Accuracy=0.6081
Epoch 34: Accuracy=0.6020
Epoch 35: Accuracy=0.6090
Epoch 36: Accuracy=0.6077
Epoch 37: Accuracy=0.6077
Epoch 38: Accuracy=0.6152
Epoch 39: Accuracy=0.6138
Epoch 40: Accuracy=0.6096
Epoch 41: Accuracy=0.6101
Epoch 42: Accuracy=0.6052
Epoch 43: Accuracy=0.6144
Epoch 44: Accuracy=0.6125
Epoch 45: Accuracy=0.6034
Epoch 46: Accuracy=0.6150
Epoch 47: Accuracy=0.6147
Epoch 48: Accuracy=0.6141
Epoch 49: Accuracy=0.6087
Epoch 50: Accuracy=0.6148

Running config: emb_dim=256, depth=4, heads=4, mlp_dim=768
Epoch 1: Accuracy=0.4569
Epoch 2: Accuracy=0.5275
Epoch 3: Accuracy=0.5516
Epoch 4: Accuracy=0.5841
Epoch 5: Accuracy=0.5949
Epoch 6: Accuracy=0.6054
Epoch 7: Accuracy=0.6155
Epoch 8: Accuracy=0.6174
Epoch 9: Accuracy=0.6245
Epoch 10: Accuracy=0.6242
Epoch 11: Accuracy=0.6202
Epoch 12: Accuracy=0.6086
Epoch 13: Accuracy=0.6215
Epoch 14: Accuracy=0.6102
Epoch 15: Accuracy=0.6158
Epoch 16: Accuracy=0.6122
Epoch 17: Accuracy=0.6156
Epoch 18: Accuracy=0.6135
Epoch 19: Accuracy=0.6164
Epoch 20: Accuracy=0.6148
Epoch 21: Accuracy=0.6130
Epoch 22: Accuracy=0.6161
Epoch 23: Accuracy=0.6186
Epoch 24: Accuracy=0.6061
Epoch 25: Accuracy=0.6134
Epoch 26: Accuracy=0.6105
Epoch 27: Accuracy=0.6190
Epoch 28: Accuracy=0.6191
Epoch 29: Accuracy=0.6142
Epoch 30: Accuracy=0.6156
Epoch 31: Accuracy=0.6093
Epoch 32: Accuracy=0.6186
Epoch 33: Accuracy=0.6199
Epoch 34: Accuracy=0.6213
Epoch 35: Accuracy=0.6166
Epoch 36: Accuracy=0.6156
Epoch 37: Accuracy=0.6094
Epoch 38: Accuracy=0.6183
Epoch 39: Accuracy=0.6231
Epoch 40: Accuracy=0.6173
Epoch 41: Accuracy=0.6110
Epoch 42: Accuracy=0.6175
Epoch 43: Accuracy=0.6187
Epoch 44: Accuracy=0.6132
Epoch 45: Accuracy=0.6231
Epoch 46: Accuracy=0.6173
Epoch 47: Accuracy=0.6188
Epoch 48: Accuracy=0.6200
Epoch 49: Accuracy=0.6169
Epoch 50: Accuracy=0.6198

Running config: emb_dim=256, depth=4, heads=8, mlp_dim=1024
Epoch 1: Accuracy=0.4883
Epoch 2: Accuracy=0.5326
Epoch 3: Accuracy=0.5618
Epoch 4: Accuracy=0.5977
Epoch 5: Accuracy=0.6052
Epoch 6: Accuracy=0.6201
Epoch 7: Accuracy=0.6212
Epoch 8: Accuracy=0.6302
Epoch 9: Accuracy=0.6220
Epoch 10: Accuracy=0.6204
Epoch 11: Accuracy=0.6268
Epoch 12: Accuracy=0.6097
Epoch 13: Accuracy=0.6138
Epoch 14: Accuracy=0.6190
Epoch 15: Accuracy=0.6159
Epoch 16: Accuracy=0.6210
Epoch 17: Accuracy=0.6271
Epoch 18: Accuracy=0.6157
Epoch 19: Accuracy=0.6138
Epoch 20: Accuracy=0.6197
Epoch 21: Accuracy=0.6180
Epoch 22: Accuracy=0.6093
Epoch 23: Accuracy=0.6214
Epoch 24: Accuracy=0.6155
Epoch 25: Accuracy=0.6202
Epoch 26: Accuracy=0.6268
Epoch 27: Accuracy=0.6194
Epoch 28: Accuracy=0.6197
Epoch 29: Accuracy=0.6180
Epoch 30: Accuracy=0.6185
Epoch 31: Accuracy=0.6159
Epoch 32: Accuracy=0.6263
Epoch 33: Accuracy=0.6219
Epoch 34: Accuracy=0.6170
Epoch 35: Accuracy=0.6147
Epoch 36: Accuracy=0.6237
Epoch 37: Accuracy=0.6150
Epoch 38: Accuracy=0.6220
Epoch 39: Accuracy=0.6221
Epoch 40: Accuracy=0.6190
Epoch 41: Accuracy=0.6232
Epoch 42: Accuracy=0.6169
Epoch 43: Accuracy=0.6208
Epoch 44: Accuracy=0.6217
Epoch 45: Accuracy=0.6156
Epoch 46: Accuracy=0.6191
Epoch 47: Accuracy=0.6234
Epoch 48: Accuracy=0.6165
Epoch 49: Accuracy=0.6196
Epoch 50: Accuracy=0.6166

Running config: emb_dim=256, depth=4, heads=8, mlp_dim=768
Epoch 1: Accuracy=0.4898
Epoch 2: Accuracy=0.5361
Epoch 3: Accuracy=0.5715
Epoch 4: Accuracy=0.5862
Epoch 5: Accuracy=0.5965
Epoch 6: Accuracy=0.6109
Epoch 7: Accuracy=0.6088
Epoch 8: Accuracy=0.6167
Epoch 9: Accuracy=0.6129
Epoch 10: Accuracy=0.6112
Epoch 11: Accuracy=0.6127
Epoch 12: Accuracy=0.6069
Epoch 13: Accuracy=0.6128
Epoch 14: Accuracy=0.6077
Epoch 15: Accuracy=0.6022
Epoch 16: Accuracy=0.6009
Epoch 17: Accuracy=0.6085
Epoch 18: Accuracy=0.6075
Epoch 19: Accuracy=0.6157
Epoch 20: Accuracy=0.6102
Epoch 21: Accuracy=0.6087
Epoch 22: Accuracy=0.6043
Epoch 23: Accuracy=0.6088
Epoch 24: Accuracy=0.6112
Epoch 25: Accuracy=0.6132
Epoch 26: Accuracy=0.6062
Epoch 27: Accuracy=0.6034
Epoch 28: Accuracy=0.6114
Epoch 29: Accuracy=0.6068
Epoch 30: Accuracy=0.6098
Epoch 31: Accuracy=0.6085
Epoch 32: Accuracy=0.6051
Epoch 33: Accuracy=0.6107
Epoch 34: Accuracy=0.6023
Epoch 35: Accuracy=0.6140
Epoch 36: Accuracy=0.6114
Epoch 37: Accuracy=0.6117
Epoch 38: Accuracy=0.6075
Epoch 39: Accuracy=0.6062
Epoch 40: Accuracy=0.6148
Epoch 41: Accuracy=0.6149
Epoch 42: Accuracy=0.6159
Epoch 43: Accuracy=0.6047
Epoch 44: Accuracy=0.6155
Epoch 45: Accuracy=0.6173
Epoch 46: Accuracy=0.6111
Epoch 47: Accuracy=0.6112
Epoch 48: Accuracy=0.6125
Epoch 49: Accuracy=0.6158
Epoch 50: Accuracy=0.6054

Running config: emb_dim=256, depth=6, heads=4, mlp_dim=1024
Epoch 1: Accuracy=0.4794
Epoch 2: Accuracy=0.5318
Epoch 3: Accuracy=0.5634
Epoch 4: Accuracy=0.6019
Epoch 5: Accuracy=0.6058
Epoch 6: Accuracy=0.6183
Epoch 7: Accuracy=0.6258
Epoch 8: Accuracy=0.6150
Epoch 9: Accuracy=0.6253
Epoch 10: Accuracy=0.6222
Epoch 11: Accuracy=0.6103
Epoch 12: Accuracy=0.6207
Epoch 13: Accuracy=0.6218
Epoch 14: Accuracy=0.6231
Epoch 15: Accuracy=0.6178
Epoch 16: Accuracy=0.6183
Epoch 17: Accuracy=0.6171
Epoch 18: Accuracy=0.6129
Epoch 19: Accuracy=0.6188
Epoch 20: Accuracy=0.6243
Epoch 21: Accuracy=0.6166
Epoch 22: Accuracy=0.6118
Epoch 23: Accuracy=0.6231
Epoch 24: Accuracy=0.6184
Epoch 25: Accuracy=0.6225
Epoch 26: Accuracy=0.6310
Epoch 27: Accuracy=0.6181
Epoch 28: Accuracy=0.6265
Epoch 29: Accuracy=0.6216
Epoch 30: Accuracy=0.6271
Epoch 31: Accuracy=0.6194
Epoch 32: Accuracy=0.6268
Epoch 33: Accuracy=0.6266
Epoch 34: Accuracy=0.6310
Epoch 35: Accuracy=0.6275
Epoch 36: Accuracy=0.6184
Epoch 37: Accuracy=0.6166
Epoch 38: Accuracy=0.6253
Epoch 39: Accuracy=0.6283
Epoch 40: Accuracy=0.6290
Epoch 41: Accuracy=0.6225
Epoch 42: Accuracy=0.6233
Epoch 43: Accuracy=0.6259
Epoch 44: Accuracy=0.6209
Epoch 45: Accuracy=0.6248
Epoch 46: Accuracy=0.6315
Epoch 47: Accuracy=0.6315
Epoch 48: Accuracy=0.6333
Epoch 49: Accuracy=0.6235
Epoch 50: Accuracy=0.6189

Running config: emb_dim=256, depth=6, heads=4, mlp_dim=768
Epoch 1: Accuracy=0.4908
Epoch 2: Accuracy=0.5407
Epoch 3: Accuracy=0.5672
Epoch 4: Accuracy=0.5882
Epoch 5: Accuracy=0.6053
Epoch 6: Accuracy=0.6180
Epoch 7: Accuracy=0.6133
Epoch 8: Accuracy=0.6199
Epoch 9: Accuracy=0.6271
Epoch 10: Accuracy=0.6288
Epoch 11: Accuracy=0.6218
Epoch 12: Accuracy=0.6183
Epoch 13: Accuracy=0.6178
Epoch 14: Accuracy=0.6132
Epoch 15: Accuracy=0.6176
Epoch 16: Accuracy=0.6084
Epoch 17: Accuracy=0.6166
Epoch 18: Accuracy=0.6134
Epoch 19: Accuracy=0.6220
Epoch 20: Accuracy=0.6133
Epoch 21: Accuracy=0.6250
Epoch 22: Accuracy=0.6089
Epoch 23: Accuracy=0.6202
Epoch 24: Accuracy=0.6209
Epoch 25: Accuracy=0.6228
Epoch 26: Accuracy=0.6129
Epoch 27: Accuracy=0.6208
Epoch 28: Accuracy=0.6220
Epoch 29: Accuracy=0.6197
Epoch 30: Accuracy=0.6224
Epoch 31: Accuracy=0.6191
Epoch 32: Accuracy=0.6281
Epoch 33: Accuracy=0.6216
Epoch 34: Accuracy=0.6127
Epoch 35: Accuracy=0.6170
Epoch 36: Accuracy=0.6235
Epoch 37: Accuracy=0.6224
Epoch 38: Accuracy=0.6239
Epoch 39: Accuracy=0.6177
Epoch 40: Accuracy=0.6245
Epoch 41: Accuracy=0.6255
Epoch 42: Accuracy=0.6317
Epoch 43: Accuracy=0.6203
Epoch 44: Accuracy=0.6246
Epoch 45: Accuracy=0.6166
Epoch 46: Accuracy=0.6219
Epoch 47: Accuracy=0.6204
Epoch 48: Accuracy=0.6207
Epoch 49: Accuracy=0.6264
Epoch 50: Accuracy=0.6285

Running config: emb_dim=256, depth=6, heads=8, mlp_dim=1024
Epoch 1: Accuracy=0.4870
Epoch 2: Accuracy=0.5512
Epoch 3: Accuracy=0.5831
Epoch 4: Accuracy=0.6165
Epoch 5: Accuracy=0.6244
Epoch 6: Accuracy=0.6302
Epoch 7: Accuracy=0.6231
Epoch 8: Accuracy=0.6258
Epoch 9: Accuracy=0.6284
Epoch 10: Accuracy=0.6314
Epoch 11: Accuracy=0.6282
Epoch 12: Accuracy=0.6242
Epoch 13: Accuracy=0.6273
Epoch 14: Accuracy=0.6254
Epoch 15: Accuracy=0.6155
Epoch 16: Accuracy=0.6300
Epoch 17: Accuracy=0.6223
Epoch 18: Accuracy=0.6275
Epoch 19: Accuracy=0.6216
Epoch 20: Accuracy=0.6235
Epoch 21: Accuracy=0.6270
Epoch 22: Accuracy=0.6270
Epoch 23: Accuracy=0.6301
Epoch 24: Accuracy=0.6276
Epoch 25: Accuracy=0.6272
Epoch 26: Accuracy=0.6224
Epoch 27: Accuracy=0.6259
Epoch 28: Accuracy=0.6236
Epoch 29: Accuracy=0.6263
Epoch 30: Accuracy=0.6360
Epoch 31: Accuracy=0.6328
Epoch 32: Accuracy=0.6389
Epoch 33: Accuracy=0.6308
Epoch 34: Accuracy=0.6326
Epoch 35: Accuracy=0.6213
Epoch 36: Accuracy=0.6304
Epoch 37: Accuracy=0.6328
Epoch 38: Accuracy=0.6322
Epoch 39: Accuracy=0.6303
Epoch 40: Accuracy=0.6298
Epoch 41: Accuracy=0.6382
Epoch 42: Accuracy=0.6318
Epoch 43: Accuracy=0.6338
Epoch 44: Accuracy=0.6323
Epoch 45: Accuracy=0.6279
Epoch 46: Accuracy=0.6307
Epoch 47: Accuracy=0.6289
Epoch 48: Accuracy=0.6353
Epoch 49: Accuracy=0.6402
Epoch 50: Accuracy=0.6314

Running config: emb_dim=256, depth=6, heads=8, mlp_dim=768
Epoch 1: Accuracy=0.4804
Epoch 2: Accuracy=0.5453
Epoch 3: Accuracy=0.5853
Epoch 4: Accuracy=0.6014
Epoch 5: Accuracy=0.6167
Epoch 6: Accuracy=0.6230
Epoch 7: Accuracy=0.6288
Epoch 8: Accuracy=0.6314
Epoch 9: Accuracy=0.6200
Epoch 10: Accuracy=0.6223
Epoch 11: Accuracy=0.6250
Epoch 12: Accuracy=0.6254
Epoch 13: Accuracy=0.6187
Epoch 14: Accuracy=0.6225
Epoch 15: Accuracy=0.6251
Epoch 16: Accuracy=0.6251
Epoch 17: Accuracy=0.6311
Epoch 18: Accuracy=0.6253
Epoch 19: Accuracy=0.6260
Epoch 20: Accuracy=0.6309
Epoch 21: Accuracy=0.6308
Epoch 22: Accuracy=0.6237
Epoch 23: Accuracy=0.6300
Epoch 24: Accuracy=0.6248
Epoch 25: Accuracy=0.6279
Epoch 26: Accuracy=0.6250
Epoch 27: Accuracy=0.6286
Epoch 28: Accuracy=0.6309
Epoch 29: Accuracy=0.6269
Epoch 30: Accuracy=0.6288
Epoch 31: Accuracy=0.6351
Epoch 32: Accuracy=0.6278
Epoch 33: Accuracy=0.6270
Epoch 34: Accuracy=0.6219
Epoch 35: Accuracy=0.6221
Epoch 36: Accuracy=0.6282
Epoch 37: Accuracy=0.6338
Epoch 38: Accuracy=0.6383
Epoch 39: Accuracy=0.6317
Epoch 40: Accuracy=0.6346
Epoch 41: Accuracy=0.6294
Epoch 42: Accuracy=0.6280
Epoch 43: Accuracy=0.6322
Epoch 44: Accuracy=0.6277
Epoch 45: Accuracy=0.6270
Epoch 46: Accuracy=0.6273
Epoch 47: Accuracy=0.6245
Epoch 48: Accuracy=0.6290
Epoch 49: Accuracy=0.6236
Epoch 50: Accuracy=0.6345

Running config: emb_dim=192, depth=4, heads=4, mlp_dim=1024
Epoch 1: Accuracy=0.4622
Epoch 2: Accuracy=0.5158
Epoch 3: Accuracy=0.5465
Epoch 4: Accuracy=0.5557
Epoch 5: Accuracy=0.5751
Epoch 6: Accuracy=0.5982
Epoch 7: Accuracy=0.6084
Epoch 8: Accuracy=0.6067
Epoch 9: Accuracy=0.6206
Epoch 10: Accuracy=0.6257
Epoch 11: Accuracy=0.6277
Epoch 12: Accuracy=0.6226
Epoch 13: Accuracy=0.6166
Epoch 14: Accuracy=0.6199
Epoch 15: Accuracy=0.6169
Epoch 16: Accuracy=0.6131
Epoch 17: Accuracy=0.6150
Epoch 18: Accuracy=0.6234
Epoch 19: Accuracy=0.6168
Epoch 20: Accuracy=0.6186
Epoch 21: Accuracy=0.6209
Epoch 22: Accuracy=0.6164
Epoch 23: Accuracy=0.6173
Epoch 24: Accuracy=0.6118
Epoch 25: Accuracy=0.6133
Epoch 26: Accuracy=0.6125
Epoch 27: Accuracy=0.6226
Epoch 28: Accuracy=0.6201
Epoch 29: Accuracy=0.6239
Epoch 30: Accuracy=0.6145
Epoch 31: Accuracy=0.6103
Epoch 32: Accuracy=0.6188
Epoch 33: Accuracy=0.6164
Epoch 34: Accuracy=0.6124
Epoch 35: Accuracy=0.6151
Epoch 36: Accuracy=0.6214
Epoch 37: Accuracy=0.6207
Epoch 38: Accuracy=0.6124
Epoch 39: Accuracy=0.6133
Epoch 40: Accuracy=0.6166
Epoch 41: Accuracy=0.6218
Epoch 42: Accuracy=0.6225
Epoch 43: Accuracy=0.6173
Epoch 44: Accuracy=0.6227
Epoch 45: Accuracy=0.6181
Epoch 46: Accuracy=0.6148
Epoch 47: Accuracy=0.6225
Epoch 48: Accuracy=0.6207
Epoch 49: Accuracy=0.6212
Epoch 50: Accuracy=0.6130

Running config: emb_dim=192, depth=4, heads=4, mlp_dim=768
Epoch 1: Accuracy=0.4674
Epoch 2: Accuracy=0.5220
Epoch 3: Accuracy=0.5306
Epoch 4: Accuracy=0.5695
Epoch 5: Accuracy=0.5857
Epoch 6: Accuracy=0.5975
Epoch 7: Accuracy=0.6028
Epoch 8: Accuracy=0.6111
Epoch 9: Accuracy=0.6059
Epoch 10: Accuracy=0.6207
Epoch 11: Accuracy=0.6107
Epoch 12: Accuracy=0.6149
Epoch 13: Accuracy=0.6200
Epoch 14: Accuracy=0.6102
Epoch 15: Accuracy=0.6153
Epoch 16: Accuracy=0.6137
Epoch 17: Accuracy=0.6016
Epoch 18: Accuracy=0.6042
Epoch 19: Accuracy=0.6057
Epoch 20: Accuracy=0.6038
Epoch 21: Accuracy=0.5991
Epoch 22: Accuracy=0.6111
Epoch 23: Accuracy=0.6095
Epoch 24: Accuracy=0.6121
Epoch 25: Accuracy=0.6078
Epoch 26: Accuracy=0.6076
Epoch 27: Accuracy=0.6031
Epoch 28: Accuracy=0.6076
Epoch 29: Accuracy=0.6081
Epoch 30: Accuracy=0.6166
Epoch 31: Accuracy=0.6019
Epoch 32: Accuracy=0.6035
Epoch 33: Accuracy=0.6078
Epoch 34: Accuracy=0.6060
Epoch 35: Accuracy=0.6019
Epoch 36: Accuracy=0.6027
Epoch 37: Accuracy=0.5991
Epoch 38: Accuracy=0.6122
Epoch 39: Accuracy=0.6140
Epoch 40: Accuracy=0.6046
Epoch 41: Accuracy=0.6065
Epoch 42: Accuracy=0.6140
Epoch 43: Accuracy=0.6099
Epoch 44: Accuracy=0.6049
Epoch 45: Accuracy=0.6058
Epoch 46: Accuracy=0.6120
Epoch 47: Accuracy=0.6159
Epoch 48: Accuracy=0.6126
Epoch 49: Accuracy=0.6036
Epoch 50: Accuracy=0.6001

Running config: emb_dim=192, depth=4, heads=8, mlp_dim=1024
Epoch 1: Accuracy=0.4810
Epoch 2: Accuracy=0.5115
Epoch 3: Accuracy=0.5526
Epoch 4: Accuracy=0.5657
Epoch 5: Accuracy=0.5969
Epoch 6: Accuracy=0.6118
Epoch 7: Accuracy=0.6187
Epoch 8: Accuracy=0.6240
Epoch 9: Accuracy=0.6316
Epoch 10: Accuracy=0.6397
Epoch 11: Accuracy=0.6269
Epoch 12: Accuracy=0.6255
Epoch 13: Accuracy=0.6223
Epoch 14: Accuracy=0.6220
Epoch 15: Accuracy=0.6150
Epoch 16: Accuracy=0.6179
Epoch 17: Accuracy=0.6278
Epoch 18: Accuracy=0.6187
Epoch 19: Accuracy=0.6218
Epoch 20: Accuracy=0.6222
Epoch 21: Accuracy=0.6282
Epoch 22: Accuracy=0.6228
Epoch 23: Accuracy=0.6202
Epoch 24: Accuracy=0.6218
Epoch 25: Accuracy=0.6166
Epoch 26: Accuracy=0.6158
Epoch 27: Accuracy=0.6256
Epoch 28: Accuracy=0.6231
Epoch 29: Accuracy=0.6180
Epoch 30: Accuracy=0.6184
Epoch 31: Accuracy=0.6209
Epoch 32: Accuracy=0.6220
Epoch 33: Accuracy=0.6255
Epoch 34: Accuracy=0.6291
Epoch 35: Accuracy=0.6218
Epoch 36: Accuracy=0.6258
Epoch 37: Accuracy=0.6252
Epoch 38: Accuracy=0.6201
Epoch 39: Accuracy=0.6146
Epoch 40: Accuracy=0.6250
Epoch 41: Accuracy=0.6257
Epoch 42: Accuracy=0.6183
Epoch 43: Accuracy=0.6228
Epoch 44: Accuracy=0.6217
Epoch 45: Accuracy=0.6198
Epoch 46: Accuracy=0.6347
Epoch 47: Accuracy=0.6268
Epoch 48: Accuracy=0.6143
Epoch 49: Accuracy=0.6158
Epoch 50: Accuracy=0.6238

Running config: emb_dim=192, depth=4, heads=8, mlp_dim=768
Epoch 1: Accuracy=0.4530
Epoch 2: Accuracy=0.5286
Epoch 3: Accuracy=0.5406
Epoch 4: Accuracy=0.5566
Epoch 5: Accuracy=0.5849
Epoch 6: Accuracy=0.5920
Epoch 7: Accuracy=0.6152
Epoch 8: Accuracy=0.5944
Epoch 9: Accuracy=0.6164
Epoch 10: Accuracy=0.6090
Epoch 11: Accuracy=0.6217
Epoch 12: Accuracy=0.6129
Epoch 13: Accuracy=0.6168
Epoch 14: Accuracy=0.6121
Epoch 15: Accuracy=0.6113
Epoch 16: Accuracy=0.6051
Epoch 17: Accuracy=0.6055
Epoch 18: Accuracy=0.6084
Epoch 19: Accuracy=0.6073
Epoch 20: Accuracy=0.5966
Epoch 21: Accuracy=0.6062
Epoch 22: Accuracy=0.6064
Epoch 23: Accuracy=0.6095
Epoch 24: Accuracy=0.6069
Epoch 25: Accuracy=0.6142
Epoch 26: Accuracy=0.6048
Epoch 27: Accuracy=0.6106
Epoch 28: Accuracy=0.6156
Epoch 29: Accuracy=0.6045
Epoch 30: Accuracy=0.6065
Epoch 31: Accuracy=0.6102
Epoch 32: Accuracy=0.6157
Epoch 33: Accuracy=0.6050
Epoch 34: Accuracy=0.6180
Epoch 35: Accuracy=0.6119
Epoch 36: Accuracy=0.6085
Epoch 37: Accuracy=0.6033
Epoch 38: Accuracy=0.6012
Epoch 39: Accuracy=0.6083
Epoch 40: Accuracy=0.6111
Epoch 41: Accuracy=0.6048
Epoch 42: Accuracy=0.6106
Epoch 43: Accuracy=0.6034
Epoch 44: Accuracy=0.6123
Epoch 45: Accuracy=0.6096
Epoch 46: Accuracy=0.6142
Epoch 47: Accuracy=0.6045
Epoch 48: Accuracy=0.6088
Epoch 49: Accuracy=0.6155
Epoch 50: Accuracy=0.6094

Running config: emb_dim=192, depth=6, heads=4, mlp_dim=1024
Epoch 1: Accuracy=0.4685
Epoch 2: Accuracy=0.5311
Epoch 3: Accuracy=0.5538
Epoch 4: Accuracy=0.5853
Epoch 5: Accuracy=0.6075
Epoch 6: Accuracy=0.6167
Epoch 7: Accuracy=0.6237
Epoch 8: Accuracy=0.6343
Epoch 9: Accuracy=0.6325
Epoch 10: Accuracy=0.6382
Epoch 11: Accuracy=0.6366
Epoch 12: Accuracy=0.6306
Epoch 13: Accuracy=0.6263
Epoch 14: Accuracy=0.6284
Epoch 15: Accuracy=0.6301
Epoch 16: Accuracy=0.6275
Epoch 17: Accuracy=0.6271
Epoch 18: Accuracy=0.6323
Epoch 19: Accuracy=0.6329
Epoch 20: Accuracy=0.6388
Epoch 21: Accuracy=0.6360
Epoch 22: Accuracy=0.6282
Epoch 23: Accuracy=0.6290
Epoch 24: Accuracy=0.6357
Epoch 25: Accuracy=0.6319
Epoch 26: Accuracy=0.6277
Epoch 27: Accuracy=0.6308
Epoch 28: Accuracy=0.6309
Epoch 29: Accuracy=0.6263
Epoch 30: Accuracy=0.6303
Epoch 31: Accuracy=0.6386
Epoch 32: Accuracy=0.6313
Epoch 33: Accuracy=0.6321
Epoch 34: Accuracy=0.6302
Epoch 35: Accuracy=0.6331
Epoch 36: Accuracy=0.6314
Epoch 37: Accuracy=0.6239
Epoch 38: Accuracy=0.6208
Epoch 39: Accuracy=0.6317
Epoch 40: Accuracy=0.6338
Epoch 41: Accuracy=0.6311
Epoch 42: Accuracy=0.6319
Epoch 43: Accuracy=0.6281
Epoch 44: Accuracy=0.6312
Epoch 45: Accuracy=0.6294
Epoch 46: Accuracy=0.6384
Epoch 47: Accuracy=0.6373
Epoch 48: Accuracy=0.6362
Epoch 49: Accuracy=0.6326
Epoch 50: Accuracy=0.6298

Running config: emb_dim=192, depth=6, heads=4, mlp_dim=768
Epoch 1: Accuracy=0.4650
Epoch 2: Accuracy=0.5230
Epoch 3: Accuracy=0.5540
Epoch 4: Accuracy=0.5748
Epoch 5: Accuracy=0.6087
Epoch 6: Accuracy=0.6021
Epoch 7: Accuracy=0.6219
Epoch 8: Accuracy=0.6253
Epoch 9: Accuracy=0.6246
Epoch 10: Accuracy=0.6214
Epoch 11: Accuracy=0.6241
Epoch 12: Accuracy=0.6236
Epoch 13: Accuracy=0.6070
Epoch 14: Accuracy=0.6154
Epoch 15: Accuracy=0.6217
Epoch 16: Accuracy=0.6212
Epoch 17: Accuracy=0.6200
Epoch 18: Accuracy=0.6091
Epoch 19: Accuracy=0.6149
Epoch 20: Accuracy=0.6191
Epoch 21: Accuracy=0.6183
Epoch 22: Accuracy=0.6115
Epoch 23: Accuracy=0.6114
Epoch 24: Accuracy=0.6197
Epoch 25: Accuracy=0.6195
Epoch 26: Accuracy=0.6189
Epoch 27: Accuracy=0.6156
Epoch 28: Accuracy=0.6229
Epoch 29: Accuracy=0.6203
Epoch 30: Accuracy=0.6135
Epoch 31: Accuracy=0.6165
Epoch 32: Accuracy=0.6269
Epoch 33: Accuracy=0.6181
Epoch 34: Accuracy=0.6235
Epoch 35: Accuracy=0.6276
Epoch 36: Accuracy=0.6143
Epoch 37: Accuracy=0.6252
Epoch 38: Accuracy=0.6238
Epoch 39: Accuracy=0.6211
Epoch 40: Accuracy=0.6175
Epoch 41: Accuracy=0.6212
Epoch 42: Accuracy=0.6200
Epoch 43: Accuracy=0.6254
Epoch 44: Accuracy=0.6195
Epoch 45: Accuracy=0.6233
Epoch 46: Accuracy=0.6190
Epoch 47: Accuracy=0.6297
Epoch 48: Accuracy=0.6193
Epoch 49: Accuracy=0.6211
Epoch 50: Accuracy=0.6182

Running config: emb_dim=192, depth=6, heads=8, mlp_dim=1024
Epoch 1: Accuracy=0.4514
Epoch 2: Accuracy=0.5418
Epoch 3: Accuracy=0.5756
Epoch 4: Accuracy=0.5917
Epoch 5: Accuracy=0.6079
Epoch 6: Accuracy=0.6158
Epoch 7: Accuracy=0.6284
Epoch 8: Accuracy=0.6347
Epoch 9: Accuracy=0.6335
Epoch 10: Accuracy=0.6303
Epoch 11: Accuracy=0.6234
Epoch 12: Accuracy=0.6282
Epoch 13: Accuracy=0.6305
Epoch 14: Accuracy=0.6232
Epoch 15: Accuracy=0.6170
Epoch 16: Accuracy=0.6154
Epoch 17: Accuracy=0.6146
Epoch 18: Accuracy=0.6231
Epoch 19: Accuracy=0.6271
Epoch 20: Accuracy=0.6239
Epoch 21: Accuracy=0.6317
Epoch 22: Accuracy=0.6285
Epoch 23: Accuracy=0.6292
Epoch 24: Accuracy=0.6254
Epoch 25: Accuracy=0.6259
Epoch 26: Accuracy=0.6170
Epoch 27: Accuracy=0.6276
Epoch 28: Accuracy=0.6266
Epoch 29: Accuracy=0.6276
Epoch 30: Accuracy=0.6218
Epoch 31: Accuracy=0.6300
Epoch 32: Accuracy=0.6300
Epoch 33: Accuracy=0.6255
Epoch 34: Accuracy=0.6293
Epoch 35: Accuracy=0.6256
Epoch 36: Accuracy=0.6277
Epoch 37: Accuracy=0.6345
Epoch 38: Accuracy=0.6278
Epoch 39: Accuracy=0.6266
Epoch 40: Accuracy=0.6230
Epoch 41: Accuracy=0.6354
Epoch 42: Accuracy=0.6265
Epoch 43: Accuracy=0.6231
Epoch 44: Accuracy=0.6322
Epoch 45: Accuracy=0.6228
Epoch 46: Accuracy=0.6211
Epoch 47: Accuracy=0.6252
Epoch 48: Accuracy=0.6236
Epoch 49: Accuracy=0.6298
Epoch 50: Accuracy=0.6328

Running config: emb_dim=192, depth=6, heads=8, mlp_dim=768
Epoch 1: Accuracy=0.4776
Epoch 2: Accuracy=0.5572
Epoch 3: Accuracy=0.5635
Epoch 4: Accuracy=0.5934
Epoch 5: Accuracy=0.6088
Epoch 6: Accuracy=0.6248
Epoch 7: Accuracy=0.6292
Epoch 8: Accuracy=0.6255
Epoch 9: Accuracy=0.6340
Epoch 10: Accuracy=0.6337
Epoch 11: Accuracy=0.6252
Epoch 12: Accuracy=0.6285
Epoch 13: Accuracy=0.6242
Epoch 14: Accuracy=0.6282
Epoch 15: Accuracy=0.6286
Epoch 16: Accuracy=0.6304
Epoch 17: Accuracy=0.6217
Epoch 18: Accuracy=0.6216
Epoch 19: Accuracy=0.6262
Epoch 20: Accuracy=0.6264
Epoch 21: Accuracy=0.6298
Epoch 22: Accuracy=0.6172
Epoch 23: Accuracy=0.6325
Epoch 24: Accuracy=0.6246
Epoch 25: Accuracy=0.6364
Epoch 26: Accuracy=0.6415
Epoch 27: Accuracy=0.6218
Epoch 28: Accuracy=0.6189
Epoch 29: Accuracy=0.6288
Epoch 30: Accuracy=0.6329
Epoch 31: Accuracy=0.6334
Epoch 32: Accuracy=0.6313
Epoch 33: Accuracy=0.6192
Epoch 34: Accuracy=0.6325
Epoch 35: Accuracy=0.6340
Epoch 36: Accuracy=0.6330
Epoch 37: Accuracy=0.6333
Epoch 38: Accuracy=0.6296
Epoch 39: Accuracy=0.6325
Epoch 40: Accuracy=0.6327
Epoch 41: Accuracy=0.6350
Epoch 42: Accuracy=0.6305
Epoch 43: Accuracy=0.6333
Epoch 44: Accuracy=0.6291
Epoch 45: Accuracy=0.6370
Epoch 46: Accuracy=0.6358
Epoch 47: Accuracy=0.6299
Epoch 48: Accuracy=0.6298
Epoch 49: Accuracy=0.6384
Epoch 50: Accuracy=0.6295

Best configuration:
Embedding Dim: 192, Depth: 6, Heads: 8, MLP Dim: 1024 => Accuracy: 0.6345

